
> autakimi-release@0.0.1 build
> vite build

[36mvite v8.0.2 [32mbuilding client environment for production...[36m[39m
[2K
Error: Cannot apply unknown utility class `m-0`. Are you using CSS modules or similar and missing `@reference`? https://tailwindcss.com/docs/functions-and-directives#reference-directive
    at onInvalidCandidate (D:\DEV\Apps\AutaKimi-Release\node_modules\tailwindcss\dist\lib.js:21:1314)
    at Ee (D:\DEV\Apps\AutaKimi-Release\node_modules\tailwindcss\dist\lib.js:16:37066)
    at D:\DEV\Apps\AutaKimi-Release\node_modules\tailwindcss\dist\lib.js:21:355
    at _r (D:\DEV\Apps\AutaKimi-Release\node_modules\tailwindcss\dist\lib.js:3:1733)
    at I (D:\DEV\Apps\AutaKimi-Release\node_modules\tailwindcss\dist\lib.js:3:1377)
    at Te (D:\DEV\Apps\AutaKimi-Release\node_modules\tailwindcss\dist\lib.js:21:172)
    at mn (D:\DEV\Apps\AutaKimi-Release\node_modules\tailwindcss\dist\lib.js:38:294)
    at async gn (D:\DEV\Apps\AutaKimi-Release\node_modules\tailwindcss\dist\lib.js:38:631)
    at async Xr (D:\DEV\Apps\AutaKimi-Release\node_modules\@tailwindcss\node\dist\index.js:10:3416)
    at async N (D:\DEV\Apps\AutaKimi-Release\node_modules\@tailwindcss\postcss\dist\index.js:10:3979)
transforming...Γ£ô 1712 modules transformed.
Γ£ù Build failed in 298ms
error during build:
Build failed with 1 error:

[plugin vite:css] D:/DEV/Apps/AutaKimi-Release/src/index.css:1:0
CssSyntaxError: [postcss] tailwindcss: D:/DEV/Apps/AutaKimi-Release/src/index.css:1:1: Cannot apply unknown utility class `m-0`. Are you using CSS modules or similar and missing `@reference`? https://tailwindcss.com/docs/functions-and-directives#reference-directive
    at Input.error (D:\DEV\Apps\AutaKimi-Release\node_modules\postcss\lib\input.js:135:16)
    at Root.error (D:\DEV\Apps\AutaKimi-Release\node_modules\postcss\lib\node.js:146:32)
    at Object.Once (D:\DEV\Apps\AutaKimi-Release\node_modules\@tailwindcss\postcss\dist\index.js:10:6913)
    at async LazyResult.runAsync (D:\DEV\Apps\AutaKimi-Release\node_modules\postcss\lib\lazy-result.js:293:11)
    at async runPostCSS (file:///D:/DEV/Apps/AutaKimi-Release/node_modules/vite/dist/node/chunks/node.js:20944:19)
    at async compilePostCSS (file:///D:/DEV/Apps/AutaKimi-Release/node_modules/vite/dist/node/chunks/node.js:20928:6)
    at async compileCSS (file:///D:/DEV/Apps/AutaKimi-Release/node_modules/vite/dist/node/chunks/node.js:20858:26)
    at async TransformPluginContextImpl.handler (file:///D:/DEV/Apps/AutaKimi-Release/node_modules/vite/dist/node/chunks/node.js:20374:47)
    at async plugin (file:///D:/DEV/Apps/AutaKimi-Release/node_modules/rolldown/dist/shared/bindingify-input-options-DVAZE22h.mjs:1129:16)
    at async plugin.<computed> (file:///D:/DEV/Apps/AutaKimi-Release/node_modules/rolldown/dist/shared/bindingify-input-options-DVAZE22h.mjs:1593:12)
    at aggregateBindingErrorsIntoJsError (file:///D:/DEV/Apps/AutaKimi-Release/node_modules/rolldown/dist/shared/error-D8cGyrC7.mjs:48:18)
    at unwrapBindingResult (file:///D:/DEV/Apps/AutaKimi-Release/node_modules/rolldown/dist/shared/error-D8cGyrC7.mjs:18:128)
    at #build (file:///D:/DEV/Apps/AutaKimi-Release/node_modules/rolldown/dist/shared/rolldown-build-CL9PyQ2E.mjs:3313:34)
    at async buildEnvironment (file:///D:/DEV/Apps/AutaKimi-Release/node_modules/vite/dist/node/chunks/node.js:32829:64)
    at async Object.build (file:///D:/DEV/Apps/AutaKimi-Release/node_modules/vite/dist/node/chunks/node.js:33251:19)
    at async Object.buildApp (file:///D:/DEV/Apps/AutaKimi-Release/node_modules/vite/dist/node/chunks/node.js:33248:153)
    at async CAC.<anonymous> (file:///D:/DEV/Apps/AutaKimi-Release/node_modules/vite/dist/node/cli.js:778:3) {
  errors: [Getter/Setter]
}
